2025-04-30T15:28:01.240Z
cwd: ~/Documents/GitHub/ptf-prototype
package: govuk-prototype-kit@13.16.2
argv: /usr/local/bin/node ~/.npm/_npx/751a68202a4807b7/node_modules/.bin/govuk-prototype-kit migrate
Started [Check migration is being applied to a pre v13 prototype]
Succeeded [Check migration is being applied to a pre v13 prototype]
2025-04-30T15:28:06.067Z
cwd: ~/Documents/GitHub/ptf-prototype
package: govuk-prototype-kit@13.16.2
argv: /usr/local/bin/node ~/Documents/GitHub/ptf-prototype/node_modules/.bin/govuk-prototype-kit migrate -- ~/Documents/GitHub/ptf-prototype
Started [Migrate config.js to config.json]
Started [Update application SCSS file]
Started [Deleted files that are no longer needed]
Started [Deleted directories that are no longer needed]
Started [Delete listen-on-port.js]
Started [Delete gulpfile.js]
Started [Delete start.js]
Started [Delete VERSION.txt]
Started [Delete server.js]
Started [Delete Procfile]
Started [Remove unused directory gulp]
Started [Remove unused directory lib]
Started [Remove unused directory __tests__]
Started [Delete app/assets/sass/unbranded-ie8.scss]
Started [Remove unused directory docs]
Started [Delete app/assets/sass/application-ie8.scss]
Succeeded [Migrate config.js to config.json]
Succeeded [Delete listen-on-port.js]
Succeeded [Delete gulpfile.js]
Succeeded [Delete start.js]
Succeeded [Delete VERSION.txt]
Succeeded [Delete server.js]
Succeeded [Delete Procfile]
Succeeded [Delete app/assets/sass/unbranded-ie8.scss]
Succeeded [Delete app/assets/sass/application-ie8.scss]
Succeeded [Deleted files that are no longer needed]
Could not found [// Add your routes here - above the module.exports line] in [app/routes.js], aborting
Started [Overwrite app/filters.js]
Started [Overwrite app/assets/javascripts/application.js]
Found [// Add extra styles here, or re-organise the Sass files in whichever way makes most sense to you] in [app/assets/sass/application.scss], replacing
Started [Overwrite app/views/layout.html]
Started [Delete app/assets/images/separator-2x.png]
Started [Delete app/assets/images/unbranded.ico]
Failed [Update routes file]
Started [Delete app/assets/javascripts/auto-store-data.js]
Started [Delete app/assets/sass/unbranded.scss]
Started [Delete app/assets/images/separator.png]
Started [Delete app/views/includes/breadcrumb_examples.html]
Started [Delete app/views/includes/cookie-banner.html]
Started [Delete app/views/includes/head.html]
Started [Delete app/views/layout_unbranded.html]
Started [Delete app/views/includes/scripts.html]
Started [Delete app/assets/javascripts/jquery-1.11.3.js]
Copying from [node_modules/govuk-prototype-kit/prototype-starter/app/filters.js] to [app/filters.js]
Copying from [node_modules/govuk-prototype-kit/prototype-starter/app/assets/javascripts/application.js] to [app/assets/javascripts/application.js]
Keeping these lines from old file
Started [Delete app/assets/sass/patterns/_related-items.scss]
Started [Delete app/assets/sass/patterns/_task-list.scss]
Started [Delete app/assets/sass/patterns/_step-by-step-navigation.scss]
Failed [Overwrite app/views/layout.html]
Succeeded [Remove unused directory gulp]
Succeeded [Delete app/assets/images/separator-2x.png]
Succeeded [Delete app/assets/javascripts/auto-store-data.js]
Succeeded [Delete app/assets/images/unbranded.ico]
Succeeded [Delete app/assets/sass/unbranded.scss]
Succeeded [Delete app/assets/images/separator.png]
Succeeded [Delete app/views/includes/breadcrumb_examples.html]
Succeeded [Delete app/views/includes/head.html]
Succeeded [Delete app/views/includes/cookie-banner.html]
Succeeded [Delete app/views/layout_unbranded.html]
Succeeded [Delete app/views/includes/scripts.html]
Succeeded [Delete app/assets/javascripts/jquery-1.11.3.js]
Succeeded [Delete app/assets/sass/patterns/_related-items.scss]
Succeeded [Delete app/assets/sass/patterns/_step-by-step-navigation.scss]
Succeeded [Delete app/assets/sass/patterns/_task-list.scss]
Succeeded [Update application SCSS file]
Succeeded [Remove unused directory __tests__]
Succeeded [Remove unused directory lib]
Succeeded [Overwrite app/filters.js]
Succeeded [Remove unused directory docs]
Succeeded [Deleted directories that are no longer needed]
Succeeded [Overwrite app/assets/javascripts/application.js]
ENOENT: no such file or directory, stat '/Users/pradford/Documents/GitHub/ptf-prototype/app/views/layout_unbranded.html'
Error: ENOENT: no such file or directory, stat '/Users/pradford/Documents/GitHub/ptf-prototype/app/views/layout_unbranded.html'
    at async Object.stat (node:internal/fs/promises:1036:18)
    at async /Users/pradford/Documents/GitHub/ptf-prototype/node_modules/govuk-prototype-kit/lib/utils/index.js:253:22
    at async asyncSeriesMap (/Users/pradford/Documents/GitHub/ptf-prototype/node_modules/govuk-prototype-kit/lib/utils/asyncSeriesMap.js:5:18)
    at async searchAndReplaceFiles (/Users/pradford/Documents/GitHub/ptf-prototype/node_modules/govuk-prototype-kit/lib/utils/index.js:251:25)
    at async updateUnbrandedLayouts (/Users/pradford/Documents/GitHub/ptf-prototype/node_modules/govuk-prototype-kit/migrator/migration-steps.js:256:19)
    at async Promise.all (index 7)
    at async Object.migrate (/Users/pradford/Documents/GitHub/ptf-prototype/node_modules/govuk-prototype-kit/migrator/index.js:128:33)
    at async runMigrate (/Users/pradford/Documents/GitHub/ptf-prototype/node_modules/govuk-prototype-kit/bin/cli:391:5)
